
Discarded input sections

 .group         0x00000000        0xc build/main.o
 .group         0x00000000        0xc build/startup_stm32f103rb.o
 .group         0x00000000        0xc build/startup_stm32f103rb.o
 .group         0x00000000        0xc build/startup_stm32f103rb.o
 .group         0x00000000        0xc build/startup_stm32f103rb.o
 .group         0x00000000        0xc build/startup_stm32f103rb.o
 .group         0x00000000        0xc build/startup_stm32f103rb.o
 .group         0x00000000        0xc build/startup_stm32f103rb.o
 .debug_macro   0x00000000      0xaba build/startup_stm32f103rb.o

Memory Configuration

Name             Origin             Length             Attributes
FLASH            0x08000000         0x00020000         xr
SRAM             0x20000000         0x00005000         xrw
*default*        0x00000000         0xffffffff

Linker script and memory map

LOAD build/main.o
LOAD build/startup_stm32f103rb.o
START GROUP
LOAD /usr/lib/gcc/arm-none-eabi/14.2.0/libgcc.a
LOAD /usr/lib/gcc/arm-none-eabi/14.2.0/../../../../arm-none-eabi/lib/libc.a
END GROUP
                0x20005000                        _estack = (ORIGIN (SRAM) + LENGTH (SRAM))

.text           0x08000000      0x1cc
 *(.isr_vector)
 .isr_vector    0x08000000      0x134 build/startup_stm32f103rb.o
                0x08000000                vector_table
 *(.text)
 .text          0x08000134        0x8 build/main.o
                0x08000134                main
 .text          0x0800013c       0x90 build/startup_stm32f103rb.o
                0x0800013c                Reset_Handler
                0x080001c4                Default_Handler
 *(.rodata)
                0x080001cc                        . = ALIGN (0x4)
                0x080001cc                        _etext = .

.glue_7         0x080001cc        0x0
 .glue_7        0x080001cc        0x0 linker stubs

.glue_7t        0x080001cc        0x0
 .glue_7t       0x080001cc        0x0 linker stubs

.vfp11_veneer   0x080001cc        0x0
 .vfp11_veneer  0x080001cc        0x0 linker stubs

.v4_bx          0x080001cc        0x0
 .v4_bx         0x080001cc        0x0 linker stubs

.iplt           0x080001cc        0x0
 .iplt          0x080001cc        0x0 build/startup_stm32f103rb.o

.rel.dyn        0x080001cc        0x0
 .rel.iplt      0x080001cc        0x0 build/startup_stm32f103rb.o

.data           0x20000000        0x0 load address 0x080001cc
                0x20000000                        _sdata = .
 *(.data)
 .data          0x20000000        0x0 build/main.o
 .data          0x20000000        0x0 build/startup_stm32f103rb.o
                0x20000000                        . = ALIGN (0x4)
                0x20000000                        _edata = .

.igot.plt       0x20000000        0x0 load address 0x080001cc
 .igot.plt      0x20000000        0x0 build/startup_stm32f103rb.o

.bss            0x20000000        0x0 load address 0x080001cc
                0x20000000                        _sbss = .
 *(.bss)
 .bss           0x20000000        0x0 build/main.o
 .bss           0x20000000        0x0 build/startup_stm32f103rb.o
                0x20000000                        . = ALIGN (0x4)
                0x20000000                        _ebss = .
OUTPUT(build/firmware.elf elf32-littlearm)
LOAD linker stubs

.debug_info     0x00000000      0x1e1
 .debug_info    0x00000000       0x48 build/main.o
 .debug_info    0x00000048      0x199 build/startup_stm32f103rb.o

.debug_abbrev   0x00000000      0x144
 .debug_abbrev  0x00000000       0x3c build/main.o
 .debug_abbrev  0x0000003c      0x108 build/startup_stm32f103rb.o

.debug_aranges  0x00000000       0x40
 .debug_aranges
                0x00000000       0x20 build/main.o
 .debug_aranges
                0x00000020       0x20 build/startup_stm32f103rb.o

.debug_macro    0x00000000      0xf7b
 .debug_macro   0x00000000       0x11 build/main.o
 .debug_macro   0x00000011      0xaba build/main.o
 .debug_macro   0x00000acb       0x63 build/startup_stm32f103rb.o
 .debug_macro   0x00000b2e       0x22 build/startup_stm32f103rb.o
 .debug_macro   0x00000b50       0x8e build/startup_stm32f103rb.o
 .debug_macro   0x00000bde       0x51 build/startup_stm32f103rb.o
 .debug_macro   0x00000c2f      0x103 build/startup_stm32f103rb.o
 .debug_macro   0x00000d32       0x6a build/startup_stm32f103rb.o
 .debug_macro   0x00000d9c      0x1df build/startup_stm32f103rb.o

.debug_line     0x00000000      0x1d3
 .debug_line    0x00000000       0x3d build/main.o
 .debug_line    0x0000003d      0x196 build/startup_stm32f103rb.o

.debug_str      0x00000000     0x3bd6
 .debug_str     0x00000000     0x3bd6 build/main.o
                               0x2d87 (size before relaxing)
 .debug_str     0x00003bd6     0x3d37 build/startup_stm32f103rb.o

.comment        0x00000000       0x1e
 .comment       0x00000000       0x1e build/main.o
                                 0x1f (size before relaxing)
 .comment       0x0000001e       0x1f build/startup_stm32f103rb.o

.ARM.attributes
                0x00000000       0x2d
 .ARM.attributes
                0x00000000       0x2d build/main.o
 .ARM.attributes
                0x0000002d       0x2d build/startup_stm32f103rb.o

.debug_frame    0x00000000       0x74
 .debug_frame   0x00000000       0x28 build/main.o
 .debug_frame   0x00000028       0x4c build/startup_stm32f103rb.o
